https://realpython.com/python-continuous-integration/#what-is-continuous-integration

git config --global init.defaultBranch main
git branch -m main
git init
git clone https://github.com/RichaSuman/Python-Programming

touch README .gitignore

# Create virtual environment
$ python3 -m venv calculator
# Activate virtual environment (Mac and Linux)
$ source calculator/bin/activate

git add calculator.py
git commit -m "Add functions for addition and subtraction"

## Followed by linting and format correction
pip install flake8
pip install black

# flake8 formatting_error.py
# flake8 --statistics formatting_error.py
# To Format: black formatting_error.py

$ pip install pytest pytest-cov
$ pip freeze > requirements.txt

$ pytest -v --cov

git add test_calculator.py
git commit -m "Add unit tests for calculator"
git push




